[INFO] Scanning for projects...
[INFO] 
[INFO] ---------------< io.github.gustavo2358:cobol-lower-core >---------------
[INFO] Building cobol-lower-core 0.1.0-SNAPSHOT
[INFO]   from pom.xml
[INFO] --------------------------------[ jar ]---------------------------------
[INFO] 
[INFO] --- resources:3.4.0:resources (default-resources) @ cobol-lower-core ---
[INFO] skip non existing resourceDirectory /tmp/lower-scalar-challenge-4_lndflp/core/src/main/resources
[INFO] 
[INFO] --- compiler:3.13.0:compile (default-compile) @ cobol-lower-core ---
[INFO] Recompiling the module because of changed source code.
[INFO] Compiling 25 source files with javac [debug release 21] to target/classes
[INFO] 
[INFO] --- resources:3.4.0:testResources (default-testResources) @ cobol-lower-core ---
[INFO] skip non existing resourceDirectory /tmp/lower-scalar-challenge-4_lndflp/core/src/test/resources
[INFO] 
[INFO] --- compiler:3.13.0:testCompile (default-testCompile) @ cobol-lower-core ---
[INFO] Recompiling the module because of changed dependency.
[INFO] Compiling 15 source files with javac [debug release 21] to target/test-classes
[INFO] 
[INFO] --- exec:3.5.0:java (default-cli) @ cobol-lower-core ---
SCALAR_SCALE data=1000 moves=1000 objects=1000 cells=1000 assigns=1000 visits=24016 references=7003 elapsed_nanos=236774808
SCALAR_SCALE data=2000 moves=2000 objects=2000 cells=2000 assigns=2000 visits=48016 references=14003 elapsed_nanos=286077261
SCALAR_SCALE data=1 moves=10000 objects=1 cells=1 assigns=10000 visits=190021 references=70003 elapsed_nanos=858991793
LOWER_SCALAR_TESTS=254
[INFO] ------------------------------------------------------------------------
[INFO] BUILD SUCCESS
[INFO] ------------------------------------------------------------------------
[INFO] Total time:  3.669 s
[INFO] Finished at: 2026-09-11T16:15:10-03:00
[INFO] ------------------------------------------------------------------------
