[INFO] Scanning for projects...
[INFO] ------------------------------------------------------------------------
[INFO] Reactor Build Order:
[INFO] 
[INFO] cobol-lower                                                        [pom]
[INFO] cobol-lower-core                                                   [jar]
[INFO] 
[INFO] -----------------< io.github.gustavo2358:cobol-lower >------------------
[INFO] Building cobol-lower 0.1.0-SNAPSHOT                                [1/2]
[INFO]   from pom.xml
[INFO] --------------------------------[ pom ]---------------------------------
[INFO] 
[INFO] --- install:3.1.4:install (default-install) @ cobol-lower ---
[INFO] Installing /tmp/lower-production-challenge-fudpr4zn/pom.xml to /tmp/cp6-w1c/m2/io/github/gustavo2358/cobol-lower/0.1.0-SNAPSHOT/cobol-lower-0.1.0-SNAPSHOT.pom
[INFO] 
[INFO] ---------------< io.github.gustavo2358:cobol-lower-core >---------------
[INFO] Building cobol-lower-core 0.1.0-SNAPSHOT                           [2/2]
[INFO]   from core/pom.xml
[INFO] --------------------------------[ jar ]---------------------------------
[INFO] 
[INFO] --- resources:3.4.0:resources (default-resources) @ cobol-lower-core ---
[INFO] skip non existing resourceDirectory /tmp/lower-production-challenge-fudpr4zn/core/src/main/resources
[INFO] 
[INFO] --- compiler:3.13.0:compile (default-compile) @ cobol-lower-core ---
[INFO] Recompiling the module because of changed source code.
[INFO] Compiling 25 source files with javac [debug release 21] to target/classes
[INFO] 
[INFO] --- resources:3.4.0:testResources (default-testResources) @ cobol-lower-core ---
[INFO] skip non existing resourceDirectory /tmp/lower-production-challenge-fudpr4zn/core/src/test/resources
[INFO] 
[INFO] --- compiler:3.13.0:testCompile (default-testCompile) @ cobol-lower-core ---
[INFO] Recompiling the module because of changed dependency.
[INFO] Compiling 15 source files with javac [debug release 21] to target/test-classes
[INFO] 
[INFO] --- surefire:3.5.4:test (default-test) @ cobol-lower-core ---
[INFO] 
[INFO] --- exec:3.5.0:java (boundary-contract-suite) @ cobol-lower-core ---
[INFO] skipping execute as per configuration
[INFO] 
[INFO] --- jar:3.4.2:jar (default-jar) @ cobol-lower-core ---
[INFO] Building jar: /tmp/lower-production-challenge-fudpr4zn/core/target/cobol-lower-core-0.1.0-SNAPSHOT.jar
[INFO] 
[INFO] --- jar:3.4.2:test-jar (independent-test-fixtures) @ cobol-lower-core ---
[INFO] Building jar: /tmp/lower-production-challenge-fudpr4zn/core/target/cobol-lower-core-0.1.0-SNAPSHOT-tests.jar
[INFO] 
[INFO] --- install:3.1.4:install (default-install) @ cobol-lower-core ---
[INFO] Installing /tmp/lower-production-challenge-fudpr4zn/core/pom.xml to /tmp/cp6-w1c/m2/io/github/gustavo2358/cobol-lower-core/0.1.0-SNAPSHOT/cobol-lower-core-0.1.0-SNAPSHOT.pom
[INFO] Installing /tmp/lower-production-challenge-fudpr4zn/core/target/cobol-lower-core-0.1.0-SNAPSHOT.jar to /tmp/cp6-w1c/m2/io/github/gustavo2358/cobol-lower-core/0.1.0-SNAPSHOT/cobol-lower-core-0.1.0-SNAPSHOT.jar
[INFO] Installing /tmp/lower-production-challenge-fudpr4zn/core/target/cobol-lower-core-0.1.0-SNAPSHOT-tests.jar to /tmp/cp6-w1c/m2/io/github/gustavo2358/cobol-lower-core/0.1.0-SNAPSHOT/cobol-lower-core-0.1.0-SNAPSHOT-tests.jar
[INFO] ------------------------------------------------------------------------
[INFO] Reactor Summary for cobol-lower 0.1.0-SNAPSHOT:
[INFO] 
[INFO] cobol-lower ........................................ SUCCESS [  0.153 s]
[INFO] cobol-lower-core ................................... SUCCESS [  2.720 s]
[INFO] ------------------------------------------------------------------------
[INFO] BUILD SUCCESS
[INFO] ------------------------------------------------------------------------
[INFO] Total time:  2.964 s
[INFO] Finished at: 2026-09-11T15:17:49-03:00
[INFO] ------------------------------------------------------------------------
[INFO] Scanning for projects...
[INFO] 
[INFO] -------------< io.github.gustavo2358:cobol-lower-adapters >-------------
[INFO] Building cobol-lower-adapters 0.1.0-SNAPSHOT
[INFO]   from pom.xml
[INFO] --------------------------------[ jar ]---------------------------------
[INFO] 
[INFO] --- resources:3.4.0:resources (default-resources) @ cobol-lower-adapters ---
[INFO] skip non existing resourceDirectory /tmp/lower-production-challenge-fudpr4zn/adapters/src/main/resources
[INFO] 
[INFO] --- compiler:3.13.0:compile (default-compile) @ cobol-lower-adapters ---
[INFO] Nothing to compile - all classes are up to date.
[INFO] 
[INFO] --- resources:3.4.0:testResources (default-testResources) @ cobol-lower-adapters ---
[INFO] Copying 56 resources from src/test/resources to target/test-classes
[INFO] 
[INFO] --- compiler:3.13.0:testCompile (default-testCompile) @ cobol-lower-adapters ---
[INFO] Nothing to compile - all classes are up to date.
[INFO] 
[INFO] --- exec:3.5.0:java (default-cli) @ cobol-lower-adapters ---
[WARNING] 
java.lang.AssertionError: PRODUCTION 10k lowering passes production admission: IMPLEMENTATION_LIMIT
    at io.github.gustavo2358.lower.adapters.air.ProductionPathSuite.check (ProductionPathSuite.java:20)
    at io.github.gustavo2358.lower.adapters.air.ProductionPathSuite.measurements (ProductionPathSuite.java:60)
    at io.github.gustavo2358.lower.adapters.air.ProductionPathSuite.large (ProductionPathSuite.java:69)
    at io.github.gustavo2358.lower.adapters.air.ProductionPathSuite.execute (ProductionPathSuite.java:102)
    at io.github.gustavo2358.lower.adapters.air.ProductionPathSuite.main (ProductionPathSuite.java:113)
    at org.codehaus.mojo.exec.ExecJavaMojo.doMain (ExecJavaMojo.java:375)
    at org.codehaus.mojo.exec.ExecJavaMojo.doExec (ExecJavaMojo.java:364)
    at org.codehaus.mojo.exec.ExecJavaMojo.lambda$execute$0 (ExecJavaMojo.java:286)
    at java.lang.Thread.run (Thread.java:1583)
[INFO] ------------------------------------------------------------------------
[INFO] BUILD FAILURE
[INFO] ------------------------------------------------------------------------
[INFO] Total time:  4.444 s
[INFO] Finished at: 2026-09-11T15:17:55-03:00
[INFO] ------------------------------------------------------------------------
[ERROR] Failed to execute goal org.codehaus.mojo:exec-maven-plugin:3.5.0:java (default-cli) on project cobol-lower-adapters: An exception occurred while executing the Java class. PRODUCTION 10k lowering passes production admission: IMPLEMENTATION_LIMIT -> [Help 1]
[ERROR] 
[ERROR] To see the full stack trace of the errors, re-run Maven with the -e switch.
[ERROR] Re-run Maven using the -X switch to enable full debug logging.
[ERROR] 
[ERROR] For more information about the errors and possible solutions, please read the following articles:
[ERROR] [Help 1] http://cwiki.apache.org/confluence/display/MAVEN/MojoExecutionException
