Verified command exit: 0
Selected result lines; full local log SHA-256: 94cb1be5e43c4ba47156f3712ff999edb192a81a292b477af967c19e981cddc6
AGENTS.md: OK
ARCHITECTURE.md: OK
README.md: OK
docs/architecture/boundaries.md: OK
docs/architecture/decisions/adr-0001.md: OK
docs/architecture/decisions/adr-0002.md: OK
docs/architecture/decisions/adr-0003.md: OK
docs/architecture/decisions/adr-0004.md: OK
docs/architecture/decisions/adr-0005.md: OK
docs/architecture/decisions/adr-0006.md: OK
docs/architecture/decisions/adr-0007.md: OK
docs/architecture/decisions/index.md: OK
docs/architecture/dependency-matrix.md: OK
docs/architecture/extensibility.md: OK
docs/architecture/index.md: OK
docs/architecture/invariants.json: OK
docs/architecture/invariants.md: OK
docs/architecture/ports-and-adapters.md: OK
docs/domain/air-target-contract.md: OK
docs/domain/capability-matrix.md: OK
docs/domain/coverage-readiness-uncertainty.md: OK
docs/domain/first-slice-entry-goback.md: OK
docs/domain/identity-and-provenance.md: OK
docs/domain/index.md: OK
docs/domain/semantic-input-contract.md: OK
docs/domain/validation-and-results.md: OK
docs/engineering/agent-session-protocol.md: OK
docs/engineering/change-control.md: OK
docs/engineering/downstream-impact.md: OK
docs/engineering/falsification.md: OK
docs/engineering/gates.json: OK
docs/engineering/gates.md: OK
docs/engineering/git-and-review.md: OK
docs/engineering/observability-and-input-safety.md: OK
docs/engineering/performance.md: OK
docs/engineering/prompt-authoring.md: OK
docs/engineering/research-and-evidence.md: OK
docs/engineering/semantic-analysis-policy.md: OK
docs/engineering/testing.md: OK
docs/engineering/work-item-protocol.md: OK
docs/evals/catalog.json: OK
docs/evals/catalog.md: OK
docs/evals/first-slice-oracle.md: OK
docs/evals/fixture-intake.json: OK
docs/evals/fixtures.md: OK
docs/evals/index.md: OK
docs/index.md: OK
docs/product/ecosystem.md: OK
docs/product/mission-and-slices.md: OK
docs/quality/harness-validation.md: OK
docs/quality/package-evidence.json: OK
docs/sources/authority.md: OK
docs/sources/handoff-integration.md: OK
docs/sources/history/README.md: OK
docs/sources/history/handoff-boas-praticas-prompts-agenticos.txt: OK
docs/sources/history/handoff-cobol-lower-first-slice.md: OK
docs/sources/index.md: OK
docs/sources/open-questions.md: OK
docs/sources/proleap-harness-parity.md: OK
docs/sources/research-index.json: OK
docs/sources/research.md: OK
docs/sources/sources.lock.json: OK
docs/sources/upstream-state.md: OK
docs/templates/README.md: OK
docs/templates/adr.md: OK
docs/templates/backlog.md: OK
docs/templates/checkpoint-evidence.json: OK
docs/templates/closure.md: OK
docs/templates/finding.md: OK
docs/templates/handoff.md: OK
docs/templates/pull-request.md: OK
docs/templates/research-note.md: OK
docs/templates/review.md: OK
docs/templates/work-item/eval.md: OK
docs/templates/work-item/plan.md: OK
docs/templates/work-item/spec.md: OK
docs/templates/work-item/state.md: OK
docs/templates/work-item/work-item.yaml: OK
docs/templates/work-item.schema.json: OK
docs/work/active/README.md: OK
docs/work/backlog/BACKLOG-LOWER-001.md: OK
docs/work/backlog/BACKLOG-LOWER-002.md: OK
docs/work/backlog/BACKLOG-LOWER-003.md: OK
docs/work/backlog/BACKLOG-LOWER-004.md: OK
docs/work/backlog/BACKLOG-LOWER-005.md: OK
docs/work/backlog/BACKLOG-LOWER-006.md: OK
docs/work/backlog/BACKLOG-LOWER-007.md: OK
docs/work/backlog/BACKLOG-LOWER-008.md: OK
docs/work/backlog/BACKLOG-LOWER-009.md: OK
docs/work/backlog/BACKLOG-LOWER-010.md: OK
docs/work/backlog/BACKLOG-LOWER-011.md: OK
docs/work/backlog/BACKLOG-LOWER-012.md: OK
docs/work/backlog/BACKLOG-LOWER-013.md: OK
docs/work/backlog/BACKLOG-LOWER-014.md: OK
docs/work/backlog/BACKLOG-LOWER-015.md: OK
docs/work/backlog/BACKLOG-LOWER-016.md: OK
docs/work/backlog.md: OK
docs/work/history/README.md: OK
docs/work/index.md: OK
docs/work/proposals/WORK-LOWER-001/eval.md: OK
docs/work/proposals/WORK-LOWER-001/plan.md: OK
docs/work/proposals/WORK-LOWER-001/spec.md: OK
docs/work/proposals/WORK-LOWER-001/state.md: OK
docs/work/proposals/WORK-LOWER-001/work-item.yaml: OK
docs/work/registry.json: OK
