openjdk version "21.0.12.1" 2026-08-18 LTS
OpenJDK Runtime Environment Temurin-21.0.12.1+1 (build 21.0.12.1+1-LTS)
OpenJDK 64-Bit Server VM Temurin-21.0.12.1+1 (build 21.0.12.1+1-LTS, mixed mode, sharing)
Apache Maven 3.9.16 (2bdd9fddda4b155ebf8000e807eb73fd829a51d5)
Maven home: /home/gustavo/.sdkman/candidates/maven/current
Java version: 21.0.12.1, vendor: Eclipse Adoptium, runtime: /home/gustavo/workspace/teste-e2e/artefatos-e2e/checkpoint-3-e2e/tools/jdk21
Default locale: en, platform encoding: UTF-8
OS name: "linux", version: "7.0.0-31-generic", arch: "amd64", family: "unix"
[INFO] Scanning for projects...
[INFO] ------------------------------------------------------------------------
[INFO] Reactor Build Order:
[INFO] 
[INFO] Analysis IR Java Parent                                            [pom]
[INFO] Analysis IR Java Model                                             [jar]
[INFO] Analysis IR JSON                                                   [jar]
[INFO] 
[INFO] ---------------< io.github.gustavo2358:air-java-parent >----------------
[INFO] Building Analysis IR Java Parent 0.1.0-SNAPSHOT                    [1/3]
[INFO]   from pom.xml
[INFO] --------------------------------[ pom ]---------------------------------
[INFO] 
[INFO] --- install:3.1.4:install-file (default-cli) @ air-java-parent ---
[INFO] Installing /tmp/cp6-w2b-build/air-java/pom.xml to /tmp/cp6-w2b-build/m2/io/github/gustavo2358/air-java-parent/0.1.0-SNAPSHOT/air-java-parent-0.1.0-SNAPSHOT.pom
[INFO] ------------------------------------------------------------------------
[INFO] Reactor Summary for Analysis IR Java Parent 0.1.0-SNAPSHOT:
[INFO] 
[INFO] Analysis IR Java Parent ............................ SUCCESS [  0.085 s]
[INFO] Analysis IR Java Model ............................. SKIPPED
[INFO] Analysis IR JSON ................................... SKIPPED
[INFO] ------------------------------------------------------------------------
[INFO] BUILD SUCCESS
[INFO] ------------------------------------------------------------------------
[INFO] Total time:  0.198 s
[INFO] Finished at: 2026-09-12T12:11:46-03:00
[INFO] ------------------------------------------------------------------------
[INFO] Scanning for projects...
[INFO] ------------------------------------------------------------------------
[INFO] Reactor Build Order:
[INFO] 
[INFO] Analysis IR Java Parent                                            [pom]
[INFO] Analysis IR Java Model                                             [jar]
[INFO] Analysis IR JSON                                                   [jar]
[INFO] 
[INFO] ---------------< io.github.gustavo2358:air-java-parent >----------------
[INFO] Building Analysis IR Java Parent 0.1.0-SNAPSHOT                    [1/3]
[INFO]   from pom.xml
[INFO] --------------------------------[ pom ]---------------------------------
[INFO] 
[INFO] --- install:3.1.4:install-file (default-cli) @ air-java-parent ---
[INFO] Installing /tmp/cp6-w2b-build/fast-upstream/air-model/air-java-0.1.0-SNAPSHOT.jar to /tmp/cp6-w2b-build/m2/io/github/gustavo2358/air-java/0.1.0-SNAPSHOT/air-java-0.1.0-SNAPSHOT.jar
[INFO] Installing /tmp/cp6-w2b-build/air-java/air-model/pom.xml to /tmp/cp6-w2b-build/m2/io/github/gustavo2358/air-java/0.1.0-SNAPSHOT/air-java-0.1.0-SNAPSHOT.pom
[INFO] ------------------------------------------------------------------------
[INFO] Reactor Summary for Analysis IR Java Parent 0.1.0-SNAPSHOT:
[INFO] 
[INFO] Analysis IR Java Parent ............................ SUCCESS [  0.085 s]
[INFO] Analysis IR Java Model ............................. SKIPPED
[INFO] Analysis IR JSON ................................... SKIPPED
[INFO] ------------------------------------------------------------------------
[INFO] BUILD SUCCESS
[INFO] ------------------------------------------------------------------------
[INFO] Total time:  0.200 s
[INFO] Finished at: 2026-09-12T12:11:47-03:00
[INFO] ------------------------------------------------------------------------
[INFO] Scanning for projects...
[INFO] ------------------------------------------------------------------------
[INFO] Reactor Build Order:
[INFO] 
[INFO] Analysis IR Java Parent                                            [pom]
[INFO] Analysis IR Java Model                                             [jar]
[INFO] Analysis IR JSON                                                   [jar]
[INFO] 
[INFO] ---------------< io.github.gustavo2358:air-java-parent >----------------
[INFO] Building Analysis IR Java Parent 0.1.0-SNAPSHOT                    [1/3]
[INFO]   from pom.xml
[INFO] --------------------------------[ pom ]---------------------------------
[INFO] 
[INFO] --- install:3.1.4:install-file (default-cli) @ air-java-parent ---
[INFO] Installing /tmp/cp6-w2b-build/fast-upstream/air-json/air-json-0.1.0-SNAPSHOT.jar to /tmp/cp6-w2b-build/m2/io/github/gustavo2358/air-json/0.1.0-SNAPSHOT/air-json-0.1.0-SNAPSHOT.jar
[INFO] Installing /tmp/cp6-w2b-build/air-java/air-json/pom.xml to /tmp/cp6-w2b-build/m2/io/github/gustavo2358/air-json/0.1.0-SNAPSHOT/air-json-0.1.0-SNAPSHOT.pom
[INFO] ------------------------------------------------------------------------
[INFO] Reactor Summary for Analysis IR Java Parent 0.1.0-SNAPSHOT:
[INFO] 
[INFO] Analysis IR Java Parent ............................ SUCCESS [  0.085 s]
[INFO] Analysis IR Java Model ............................. SKIPPED
[INFO] Analysis IR JSON ................................... SKIPPED
[INFO] ------------------------------------------------------------------------
[INFO] BUILD SUCCESS
[INFO] ------------------------------------------------------------------------
[INFO] Total time:  0.199 s
[INFO] Finished at: 2026-09-12T12:11:48-03:00
[INFO] ------------------------------------------------------------------------
{"repository": "Gustavo2358/air-java", "commit": "2a37f5e980ba25fdc79614a66030a84d8bf5b8c9", "build_profile": "FAST_COMPILE", "jar_sha256": "45bce589aa7984bf858e9f690c3bb711982f0bddf533232decd358181f1f91d6", "source_tree": "8d248f4ccf207eb7b609aa9ff0cdbcd512e526c8", "codec_sha256": "ccf6edda062df446909c1409231184ffca5389d24c40ce5eb397efe263ba86df", "source_lock_sha256": "0831523155c8e0419e9f9dc000d19e9d70d44b8d63cd0e6101e60e27db5294d7", "java": "openjdk version \"21.0.12.1\" 2026-08-18 LTS\nOpenJDK Runtime Environment Temurin-21.0.12.1+1 (build 21.0.12.1+1-LTS)\nOpenJDK 64-Bit Server VM Temurin-21.0.12.1+1 (build 21.0.12.1+1-LTS, mixed mode, sharing)"}
