openjdk version "21.0.12.1" 2026-08-18 LTS
OpenJDK Runtime Environment Temurin-21.0.12.1+1 (build 21.0.12.1+1-LTS)
OpenJDK 64-Bit Server VM Temurin-21.0.12.1+1 (build 21.0.12.1+1-LTS, mixed mode, sharing)
Apache Maven 3.9.16 (2bdd9fddda4b155ebf8000e807eb73fd829a51d5)
Maven home: /home/gustavo/.sdkman/candidates/maven/current
Java version: 21.0.12.1, vendor: Eclipse Adoptium, runtime: /home/gustavo/workspace/teste-e2e/artefatos-e2e/checkpoint-3-e2e/tools/jdk21
Default locale: en, platform encoding: UTF-8
OS name: "linux", version: "7.0.0-31-generic", arch: "amd64", family: "unix"
[INFO] Scanning for projects...
[INFO] ------------------------------------------------------------------------
[INFO] Reactor Build Order:
[INFO] 
[INFO] Analysis IR Java Parent                                            [pom]
[INFO] Analysis IR Java Model                                             [jar]
[INFO] Analysis IR JSON                                                   [jar]
[INFO] 
[INFO] ---------------< io.github.gustavo2358:air-java-parent >----------------
[INFO] Building Analysis IR Java Parent 0.1.0-SNAPSHOT                    [1/3]
[INFO]   from pom.xml
[INFO] --------------------------------[ pom ]---------------------------------
[INFO] 
[INFO] --- clean:3.2.0:clean (default-clean) @ air-java-parent ---
[INFO] 
[INFO] --- exec:3.5.0:exec (reactor-topology) @ air-java-parent ---
FAIL: architecture: Skipped build/ContractSuite flags forbidden: ['true', 'false', 'false', 'true']
[ERROR] Command execution failed.
org.apache.commons.exec.ExecuteException: Process exited with an error: 1 (Exit value: 1)
    at org.apache.commons.exec.DefaultExecutor.executeInternal (DefaultExecutor.java:355)
    at org.apache.commons.exec.DefaultExecutor.execute (DefaultExecutor.java:253)
    at org.codehaus.mojo.exec.ExecMojo.executeCommandLine (ExecMojo.java:903)
    at org.codehaus.mojo.exec.ExecMojo.executeCommandLine (ExecMojo.java:863)
    at org.codehaus.mojo.exec.ExecMojo.execute (ExecMojo.java:454)
    at org.apache.maven.plugin.DefaultBuildPluginManager.executeMojo (DefaultBuildPluginManager.java:126)
    at org.apache.maven.lifecycle.internal.MojoExecutor.doExecute2 (MojoExecutor.java:328)
    at org.apache.maven.lifecycle.internal.MojoExecutor.doExecute (MojoExecutor.java:316)
    at org.apache.maven.lifecycle.internal.MojoExecutor.execute (MojoExecutor.java:212)
    at org.apache.maven.lifecycle.internal.MojoExecutor.execute (MojoExecutor.java:174)
    at org.apache.maven.lifecycle.internal.MojoExecutor.access$000 (MojoExecutor.java:75)
    at org.apache.maven.lifecycle.internal.MojoExecutor$1.run (MojoExecutor.java:162)
    at org.apache.maven.plugin.DefaultMojosExecutionStrategy.execute (DefaultMojosExecutionStrategy.java:39)
    at org.apache.maven.lifecycle.internal.MojoExecutor.execute (MojoExecutor.java:159)
    at org.apache.maven.lifecycle.internal.LifecycleModuleBuilder.buildProject (LifecycleModuleBuilder.java:105)
    at org.apache.maven.lifecycle.internal.LifecycleModuleBuilder.buildProject (LifecycleModuleBuilder.java:73)
    at org.apache.maven.lifecycle.internal.builder.singlethreaded.SingleThreadedBuilder.build (SingleThreadedBuilder.java:53)
    at org.apache.maven.lifecycle.internal.LifecycleStarter.execute (LifecycleStarter.java:118)
    at org.apache.maven.DefaultMaven.doExecute (DefaultMaven.java:261)
    at org.apache.maven.DefaultMaven.doExecute (DefaultMaven.java:173)
    at org.apache.maven.DefaultMaven.execute (DefaultMaven.java:101)
    at org.apache.maven.cli.MavenCli.execute (MavenCli.java:919)
    at org.apache.maven.cli.MavenCli.doMain (MavenCli.java:285)
    at org.apache.maven.cli.MavenCli.main (MavenCli.java:207)
    at jdk.internal.reflect.DirectMethodHandleAccessor.invoke (DirectMethodHandleAccessor.java:103)
    at java.lang.reflect.Method.invoke (Method.java:580)
    at org.codehaus.plexus.classworlds.launcher.Launcher.launchEnhanced (Launcher.java:255)
    at org.codehaus.plexus.classworlds.launcher.Launcher.launch (Launcher.java:201)
    at org.codehaus.plexus.classworlds.launcher.Launcher.mainWithExitCode (Launcher.java:362)
    at org.codehaus.plexus.classworlds.launcher.Launcher.main (Launcher.java:314)
[INFO] ------------------------------------------------------------------------
[INFO] Reactor Summary for Analysis IR Java Parent 0.1.0-SNAPSHOT:
[INFO] 
[INFO] Analysis IR Java Parent ............................ FAILURE [  0.352 s]
[INFO] Analysis IR Java Model ............................. SKIPPED
[INFO] Analysis IR JSON ................................... SKIPPED
[INFO] ------------------------------------------------------------------------
[INFO] BUILD FAILURE
[INFO] ------------------------------------------------------------------------
[INFO] Total time:  0.451 s
[INFO] Finished at: 2026-09-12T12:10:40-03:00
[INFO] ------------------------------------------------------------------------
[ERROR] Failed to execute goal org.codehaus.mojo:exec-maven-plugin:3.5.0:exec (reactor-topology) on project air-java-parent: Command execution failed. Process exited with an error: 1 (Exit value: 1) -> [Help 1]
[ERROR] 
[ERROR] To see the full stack trace of the errors, re-run Maven with the -e switch.
[ERROR] Re-run Maven using the -X switch to enable full debug logging.
[ERROR] 
[ERROR] For more information about the errors and possible solutions, please read the following articles:
[ERROR] [Help 1] http://cwiki.apache.org/confluence/display/MAVEN/MojoExecutionException
Traceback (most recent call last):
  File "<stdin>", line 4, in <module>
  File "/home/gustavo/workspace/teste-e2e/cobol-lower/scripts/harness/run.py", line 63, in bootstrap
    log = run(maven(*(("-Dexec.skip=true", "-DskipTests=true") if fast else ()), "clean", "install"), path)
  File "/home/gustavo/workspace/teste-e2e/cobol-lower/scripts/harness/run.py", line 37, in run
    raise RuntimeError(f"command exit {result.returncode}: {command}")
RuntimeError: command exit 1: ['mvn', '-B', '-ntp', '-Dmaven.repo.local=/tmp/cp6-w2b-build/m2', '-Dexec.skip=true', '-DskipTests=true', 'clean', 'install']
