[INFO] Scanning for projects...
[INFO] ------------------------------------------------------------------------
[INFO] Reactor Build Order:
[INFO] 
[INFO] cobol-lower                                                        [pom]
[INFO] cobol-lower-core                                                   [jar]
[INFO] cobol-lower-adapters                                               [jar]
[INFO] 
[INFO] -----------------< io.github.gustavo2358:cobol-lower >------------------
[INFO] Building cobol-lower 0.1.0-SNAPSHOT                                [1/3]
[INFO]   from pom.xml
[INFO] --------------------------------[ pom ]---------------------------------
[INFO] 
[INFO] --- install:3.1.4:install (default-install) @ cobol-lower ---
[INFO] Installing /home/gustavo/workspace/teste-e2e/cobol-lower/pom.xml to /tmp/cp6-w2b-build/m2/io/github/gustavo2358/cobol-lower/0.1.0-SNAPSHOT/cobol-lower-0.1.0-SNAPSHOT.pom
[INFO] 
[INFO] ---------------< io.github.gustavo2358:cobol-lower-core >---------------
[INFO] Building cobol-lower-core 0.1.0-SNAPSHOT                           [2/3]
[INFO]   from core/pom.xml
[INFO] --------------------------------[ jar ]---------------------------------
[INFO] ------------------------------------------------------------------------
[INFO] Reactor Summary for cobol-lower 0.1.0-SNAPSHOT:
[INFO] 
[INFO] cobol-lower ........................................ SUCCESS [  0.113 s]
[INFO] cobol-lower-core ................................... FAILURE [  0.228 s]
[INFO] cobol-lower-adapters ............................... SKIPPED
[INFO] ------------------------------------------------------------------------
[INFO] BUILD FAILURE
[INFO] ------------------------------------------------------------------------
[INFO] Total time:  0.417 s
[INFO] Finished at: 2026-09-12T12:13:03-03:00
[INFO] ------------------------------------------------------------------------
[ERROR] Failed to execute goal on project cobol-lower-core: Could not collect dependencies for project io.github.gustavo2358:cobol-lower-core:jar:0.1.0-SNAPSHOT
[ERROR] Failed to read artifact descriptor for com.dynatrace.hash4j:hash4j:jar:0.30.0
[ERROR] 	Caused by: The following artifacts could not be resolved: com.dynatrace.hash4j:hash4j:pom:0.30.0 (absent): Could not transfer artifact com.dynatrace.hash4j:hash4j:pom:0.30.0 from/to central (https://repo.maven.apache.org/maven2): repo.maven.apache.org: Temporary failure in name resolution
[ERROR] -> [Help 1]
[ERROR] 
[ERROR] To see the full stack trace of the errors, re-run Maven with the -e switch.
[ERROR] Re-run Maven using the -X switch to enable full debug logging.
[ERROR] 
[ERROR] For more information about the errors and possible solutions, please read the following articles:
[ERROR] [Help 1] http://cwiki.apache.org/confluence/display/MAVEN/DependencyResolutionException
[ERROR] 
[ERROR] After correcting the problems, you can resume the build with the command
[ERROR]   mvn <args> -rf :cobol-lower-core
Traceback (most recent call last):
  File "<stdin>", line 4, in <module>
  File "/home/gustavo/workspace/teste-e2e/cobol-lower/scripts/harness/run.py", line 37, in run
    raise RuntimeError(f"command exit {result.returncode}: {command}")
RuntimeError: command exit 1: ['mvn', '-B', '-ntp', '-Dmaven.repo.local=/tmp/cp6-w2b-build/m2', '-Dexec.skip=true', '-DskipTests=true', 'install']
