[INFO] Scanning for projects...
[INFO] ------------------------------------------------------------------------
[INFO] Reactor Build Order:
[INFO] 
[INFO] cobol-lower                                                        [pom]
[INFO] cobol-lower-core                                                   [jar]
[INFO] cobol-lower-adapters                                               [jar]
[INFO] 
[INFO] -----------------< io.github.gustavo2358:cobol-lower >------------------
[INFO] Building cobol-lower 0.1.0-SNAPSHOT                                [1/3]
[INFO]   from pom.xml
[INFO] --------------------------------[ pom ]---------------------------------
[INFO] 
[INFO] ---------------< io.github.gustavo2358:cobol-lower-core >---------------
[INFO] Building cobol-lower-core 0.1.0-SNAPSHOT                           [2/3]
[INFO]   from core/pom.xml
[INFO] --------------------------------[ jar ]---------------------------------
[INFO] 
[INFO] --- resources:3.4.0:resources (default-resources) @ cobol-lower-core ---
[INFO] skip non existing resourceDirectory /tmp/cp6-w1c/lower-baseline/core/src/main/resources
[INFO] 
[INFO] --- compiler:3.13.0:compile (default-compile) @ cobol-lower-core ---
[INFO] Recompiling the module because of changed source code.
[INFO] Compiling 21 source files with javac [debug release 21] to target/classes
[INFO] 
[INFO] --- resources:3.4.0:testResources (default-testResources) @ cobol-lower-core ---
[INFO] skip non existing resourceDirectory /tmp/cp6-w1c/lower-baseline/core/src/test/resources
[INFO] 
[INFO] --- compiler:3.13.0:testCompile (default-testCompile) @ cobol-lower-core ---
[INFO] Recompiling the module because of changed dependency.
[INFO] Compiling 12 source files with javac [debug release 21] to target/test-classes
[INFO] 
[INFO] --- surefire:3.5.4:test (default-test) @ cobol-lower-core ---
[INFO] Tests are skipped.
[INFO] 
[INFO] --- exec:3.5.0:java (boundary-contract-suite) @ cobol-lower-core ---
[INFO] skipping execute as per configuration
[INFO] 
[INFO] --- jar:3.4.2:jar (default-jar) @ cobol-lower-core ---
[INFO] Building jar: /tmp/cp6-w1c/lower-baseline/core/target/cobol-lower-core-0.1.0-SNAPSHOT.jar
[INFO] 
[INFO] --- jar:3.4.2:test-jar (independent-test-fixtures) @ cobol-lower-core ---
[INFO] Building jar: /tmp/cp6-w1c/lower-baseline/core/target/cobol-lower-core-0.1.0-SNAPSHOT-tests.jar
[INFO] 
[INFO] -------------< io.github.gustavo2358:cobol-lower-adapters >-------------
[INFO] Building cobol-lower-adapters 0.1.0-SNAPSHOT                       [3/3]
[INFO]   from adapters/pom.xml
[INFO] --------------------------------[ jar ]---------------------------------
[INFO] 
[INFO] --- resources:3.4.0:resources (default-resources) @ cobol-lower-adapters ---
[INFO] skip non existing resourceDirectory /tmp/cp6-w1c/lower-baseline/adapters/src/main/resources
[INFO] 
[INFO] --- compiler:3.13.0:compile (default-compile) @ cobol-lower-adapters ---
[INFO] Recompiling the module because of changed dependency.
[INFO] Compiling 10 source files with javac [debug release 21] to target/classes
[INFO] 
[INFO] --- resources:3.4.0:testResources (default-testResources) @ cobol-lower-adapters ---
[INFO] Copying 10 resources from src/test/resources to target/test-classes
[INFO] 
[INFO] --- compiler:3.13.0:testCompile (default-testCompile) @ cobol-lower-adapters ---
[INFO] Recompiling the module because of changed dependency.
[INFO] Compiling 11 source files with javac [debug release 21] to target/test-classes
[INFO] 
[INFO] --- surefire:3.5.4:test (default-test) @ cobol-lower-adapters ---
[INFO] Tests are skipped.
[INFO] 
[INFO] --- exec:3.5.0:java (decoder-contract-suite) @ cobol-lower-adapters ---
[INFO] skipping execute as per configuration
[INFO] 
[INFO] --- exec:3.5.0:java (air-output-suite) @ cobol-lower-adapters ---
[INFO] skipping execute as per configuration
[INFO] 
[INFO] --- jar:3.4.2:jar (default-jar) @ cobol-lower-adapters ---
[INFO] Building jar: /tmp/cp6-w1c/lower-baseline/adapters/target/cobol-lower-adapters-0.1.0-SNAPSHOT.jar
[INFO] ------------------------------------------------------------------------
[INFO] Reactor Summary for cobol-lower 0.1.0-SNAPSHOT:
[INFO] 
[INFO] cobol-lower ........................................ SUCCESS [  0.002 s]
[INFO] cobol-lower-core ................................... SUCCESS [  2.759 s]
[INFO] cobol-lower-adapters ............................... SUCCESS [  0.523 s]
[INFO] ------------------------------------------------------------------------
[INFO] BUILD SUCCESS
[INFO] ------------------------------------------------------------------------
[INFO] Total time:  3.365 s
[INFO] Finished at: 2026-09-11T14:19:08-03:00
[INFO] ------------------------------------------------------------------------
