[INFO] Scanning for projects...
[INFO] 
[INFO] ---< io.github.gustavo2358.cobolexplorer:antlr-parse-tree-explorer >----
[INFO] Building antlr-parse-tree-explorer 1.0.0-SNAPSHOT
[INFO]   from pom.xml
[INFO] --------------------------------[ jar ]---------------------------------
[INFO] 
[INFO] --- antlr4:4.13.2:antlr4 (default) @ antlr-parse-tree-explorer ---
[INFO] ANTLR 4: Processing source directory /tmp/cp6-w1c/proleap-poc/src/main/antlr4
[INFO] Processing grammar: CobolPreprocessor.g4
[INFO] Processing grammar: Cobol.g4
[INFO] 
[INFO] --- resources:3.4.0:resources (default-resources) @ antlr-parse-tree-explorer ---
[INFO] Copying 11 resources from src/main/resources to target/classes
[INFO] 
[INFO] --- compiler:3.14.0:compile (default-compile) @ antlr-parse-tree-explorer ---
[INFO] Recompiling the module because of changed source code.
[INFO] Compiling 58 source files with javac [debug release 17] to target/classes
[INFO] 
[INFO] --- resources:3.4.0:testResources (default-testResources) @ antlr-parse-tree-explorer ---
[INFO] Copying 75 resources from src/test/resources to target/test-classes
[INFO] 
[INFO] --- compiler:3.14.0:testCompile (default-testCompile) @ antlr-parse-tree-explorer ---
[INFO] Recompiling the module because of changed dependency.
[INFO] Compiling 79 source files with javac [debug release 17] to target/test-classes
[INFO] 
[INFO] --- surefire:3.5.3:test (default-test) @ antlr-parse-tree-explorer ---
[INFO] Tests are skipped.
[INFO] 
[INFO] --- jar:3.5.0:jar (default-jar) @ antlr-parse-tree-explorer ---
[INFO] Building jar: /tmp/cp6-w1c/proleap-poc/target/antlr-parse-tree-explorer-1.0.0-SNAPSHOT.jar
[INFO] ------------------------------------------------------------------------
[INFO] BUILD SUCCESS
[INFO] ------------------------------------------------------------------------
[INFO] Total time:  7.446 s
[INFO] Finished at: 2026-09-11T14:16:08-03:00
[INFO] ------------------------------------------------------------------------
