[INFO] Scanning for projects...
[INFO] ------------------------------------------------------------------------
[INFO] Reactor Build Order:
[INFO] 
[INFO] cobol-lower                                                        [pom]
[INFO] cobol-lower-core                                                   [jar]
[INFO] 
[INFO] -----------------< io.github.gustavo2358:cobol-lower >------------------
[INFO] Building cobol-lower 0.1.0-SNAPSHOT                                [1/2]
[INFO]   from pom.xml
[INFO] --------------------------------[ pom ]---------------------------------
[INFO] 
[INFO] --- install:3.1.4:install (default-install) @ cobol-lower ---
[INFO] Installing /tmp/lower-production-challenge-j7k89i6e/pom.xml to /tmp/cp6-w1c/m2/io/github/gustavo2358/cobol-lower/0.1.0-SNAPSHOT/cobol-lower-0.1.0-SNAPSHOT.pom
[INFO] 
[INFO] ---------------< io.github.gustavo2358:cobol-lower-core >---------------
[INFO] Building cobol-lower-core 0.1.0-SNAPSHOT                           [2/2]
[INFO]   from core/pom.xml
[INFO] --------------------------------[ jar ]---------------------------------
[INFO] 
[INFO] --- resources:3.4.0:resources (default-resources) @ cobol-lower-core ---
[INFO] skip non existing resourceDirectory /tmp/lower-production-challenge-j7k89i6e/core/src/main/resources
[INFO] 
[INFO] --- compiler:3.13.0:compile (default-compile) @ cobol-lower-core ---
[INFO] Nothing to compile - all classes are up to date.
[INFO] 
[INFO] --- resources:3.4.0:testResources (default-testResources) @ cobol-lower-core ---
[INFO] skip non existing resourceDirectory /tmp/lower-production-challenge-j7k89i6e/core/src/test/resources
[INFO] 
[INFO] --- compiler:3.13.0:testCompile (default-testCompile) @ cobol-lower-core ---
[INFO] Nothing to compile - all classes are up to date.
[INFO] 
[INFO] --- surefire:3.5.4:test (default-test) @ cobol-lower-core ---
[INFO] 
[INFO] --- exec:3.5.0:java (boundary-contract-suite) @ cobol-lower-core ---
[INFO] skipping execute as per configuration
[INFO] 
[INFO] --- jar:3.4.2:jar (default-jar) @ cobol-lower-core ---
[INFO] 
[INFO] --- jar:3.4.2:test-jar (independent-test-fixtures) @ cobol-lower-core ---
[INFO] 
[INFO] --- install:3.1.4:install (default-install) @ cobol-lower-core ---
[INFO] Installing /tmp/lower-production-challenge-j7k89i6e/core/pom.xml to /tmp/cp6-w1c/m2/io/github/gustavo2358/cobol-lower-core/0.1.0-SNAPSHOT/cobol-lower-core-0.1.0-SNAPSHOT.pom
[INFO] Installing /tmp/lower-production-challenge-j7k89i6e/core/target/cobol-lower-core-0.1.0-SNAPSHOT.jar to /tmp/cp6-w1c/m2/io/github/gustavo2358/cobol-lower-core/0.1.0-SNAPSHOT/cobol-lower-core-0.1.0-SNAPSHOT.jar
[INFO] Installing /tmp/lower-production-challenge-j7k89i6e/core/target/cobol-lower-core-0.1.0-SNAPSHOT-tests.jar to /tmp/cp6-w1c/m2/io/github/gustavo2358/cobol-lower-core/0.1.0-SNAPSHOT/cobol-lower-core-0.1.0-SNAPSHOT-tests.jar
[INFO] ------------------------------------------------------------------------
[INFO] Reactor Summary for cobol-lower 0.1.0-SNAPSHOT:
[INFO] 
[INFO] cobol-lower ........................................ SUCCESS [  0.122 s]
[INFO] cobol-lower-core ................................... SUCCESS [  0.571 s]
[INFO] ------------------------------------------------------------------------
[INFO] BUILD SUCCESS
[INFO] ------------------------------------------------------------------------
[INFO] Total time:  0.768 s
[INFO] Finished at: 2026-09-11T16:18:08-03:00
[INFO] ------------------------------------------------------------------------
[INFO] Scanning for projects...
[INFO] 
[INFO] -------------< io.github.gustavo2358:cobol-lower-adapters >-------------
[INFO] Building cobol-lower-adapters 0.1.0-SNAPSHOT
[INFO]   from pom.xml
[INFO] --------------------------------[ jar ]---------------------------------
[INFO] 
[INFO] --- resources:3.4.0:resources (default-resources) @ cobol-lower-adapters ---
[INFO] skip non existing resourceDirectory /tmp/lower-production-challenge-j7k89i6e/adapters/src/main/resources
[INFO] 
[INFO] --- compiler:3.13.0:compile (default-compile) @ cobol-lower-adapters ---
[INFO] Recompiling the module because of changed source code.
[INFO] Compiling 11 source files with javac [debug release 21] to target/classes
[INFO] 
[INFO] --- resources:3.4.0:testResources (default-testResources) @ cobol-lower-adapters ---
[INFO] Copying 56 resources from src/test/resources to target/test-classes
[INFO] 
[INFO] --- compiler:3.13.0:testCompile (default-testCompile) @ cobol-lower-adapters ---
[INFO] Recompiling the module because of changed dependency.
[INFO] Compiling 13 source files with javac [debug release 21] to target/test-classes
[INFO] 
[INFO] --- exec:3.5.0:java (default-cli) @ cobol-lower-adapters ---
CAPACITY_SP moves=20000 bytes=38179536 nodes=2100154 container_depth=7 sha256=202ce49d1a632ab2997bd8d9beb0300c4c81bfd6935e0cdfa64a564a844f3a3e
[WARNING] 
java.lang.AssertionError: CAPACITY supported SP decodes: Rejected[diagnostic=Diagnostic[code=IMPLEMENTATION_LIMIT, phase=physical, location=$ file byte limit]]
    at io.github.gustavo2358.lower.adapters.air.CapacitySuite.check (CapacitySuite.java:23)
    at io.github.gustavo2358.lower.adapters.air.CapacitySuite.verify (CapacitySuite.java:72)
    at io.github.gustavo2358.lower.adapters.air.CapacitySuite.run (CapacitySuite.java:103)
    at io.github.gustavo2358.lower.adapters.air.CapacitySuite.main (CapacitySuite.java:112)
    at org.codehaus.mojo.exec.ExecJavaMojo.doMain (ExecJavaMojo.java:375)
    at org.codehaus.mojo.exec.ExecJavaMojo.doExec (ExecJavaMojo.java:364)
    at org.codehaus.mojo.exec.ExecJavaMojo.lambda$execute$0 (ExecJavaMojo.java:286)
    at java.lang.Thread.run (Thread.java:1583)
[INFO] ------------------------------------------------------------------------
[INFO] BUILD FAILURE
[INFO] ------------------------------------------------------------------------
[INFO] Total time:  2.360 s
[INFO] Finished at: 2026-09-11T16:18:11-03:00
[INFO] ------------------------------------------------------------------------
[ERROR] Failed to execute goal org.codehaus.mojo:exec-maven-plugin:3.5.0:java (default-cli) on project cobol-lower-adapters: An exception occurred while executing the Java class. CAPACITY supported SP decodes: Rejected[diagnostic=Diagnostic[code=IMPLEMENTATION_LIMIT, phase=physical, location=$ file byte limit]] -> [Help 1]
[ERROR] 
[ERROR] To see the full stack trace of the errors, re-run Maven with the -e switch.
[ERROR] Re-run Maven using the -X switch to enable full debug logging.
[ERROR] 
[ERROR] For more information about the errors and possible solutions, please read the following articles:
[ERROR] [Help 1] http://cwiki.apache.org/confluence/display/MAVEN/MojoExecutionException
