[INFO] Scanning for projects...
[INFO] ------------------------------------------------------------------------
[INFO] Reactor Build Order:
[INFO] 
[INFO] cobol-lower                                                        [pom]
[INFO] cobol-lower-core                                                   [jar]
[INFO] 
[INFO] -----------------< io.github.gustavo2358:cobol-lower >------------------
[INFO] Building cobol-lower 0.1.0-SNAPSHOT                                [1/2]
[INFO]   from pom.xml
[INFO] --------------------------------[ pom ]---------------------------------
[INFO] 
[INFO] --- install:3.1.4:install (default-install) @ cobol-lower ---
[INFO] Installing /tmp/lower-production-challenge-9rn_h2vu/pom.xml to /tmp/cp6-w1c/m2/io/github/gustavo2358/cobol-lower/0.1.0-SNAPSHOT/cobol-lower-0.1.0-SNAPSHOT.pom
[INFO] 
[INFO] ---------------< io.github.gustavo2358:cobol-lower-core >---------------
[INFO] Building cobol-lower-core 0.1.0-SNAPSHOT                           [2/2]
[INFO]   from core/pom.xml
[INFO] --------------------------------[ jar ]---------------------------------
[INFO] 
[INFO] --- resources:3.4.0:resources (default-resources) @ cobol-lower-core ---
[INFO] skip non existing resourceDirectory /tmp/lower-production-challenge-9rn_h2vu/core/src/main/resources
[INFO] 
[INFO] --- compiler:3.13.0:compile (default-compile) @ cobol-lower-core ---
[INFO] Nothing to compile - all classes are up to date.
[INFO] 
[INFO] --- resources:3.4.0:testResources (default-testResources) @ cobol-lower-core ---
[INFO] skip non existing resourceDirectory /tmp/lower-production-challenge-9rn_h2vu/core/src/test/resources
[INFO] 
[INFO] --- compiler:3.13.0:testCompile (default-testCompile) @ cobol-lower-core ---
[INFO] Nothing to compile - all classes are up to date.
[INFO] 
[INFO] --- surefire:3.5.4:test (default-test) @ cobol-lower-core ---
[INFO] 
[INFO] --- exec:3.5.0:java (boundary-contract-suite) @ cobol-lower-core ---
[INFO] skipping execute as per configuration
[INFO] 
[INFO] --- jar:3.4.2:jar (default-jar) @ cobol-lower-core ---
[INFO] 
[INFO] --- jar:3.4.2:test-jar (independent-test-fixtures) @ cobol-lower-core ---
[INFO] 
[INFO] --- install:3.1.4:install (default-install) @ cobol-lower-core ---
[INFO] Installing /tmp/lower-production-challenge-9rn_h2vu/core/pom.xml to /tmp/cp6-w1c/m2/io/github/gustavo2358/cobol-lower-core/0.1.0-SNAPSHOT/cobol-lower-core-0.1.0-SNAPSHOT.pom
[INFO] Installing /tmp/lower-production-challenge-9rn_h2vu/core/target/cobol-lower-core-0.1.0-SNAPSHOT.jar to /tmp/cp6-w1c/m2/io/github/gustavo2358/cobol-lower-core/0.1.0-SNAPSHOT/cobol-lower-core-0.1.0-SNAPSHOT.jar
[INFO] Installing /tmp/lower-production-challenge-9rn_h2vu/core/target/cobol-lower-core-0.1.0-SNAPSHOT-tests.jar to /tmp/cp6-w1c/m2/io/github/gustavo2358/cobol-lower-core/0.1.0-SNAPSHOT/cobol-lower-core-0.1.0-SNAPSHOT-tests.jar
[INFO] ------------------------------------------------------------------------
[INFO] Reactor Summary for cobol-lower 0.1.0-SNAPSHOT:
[INFO] 
[INFO] cobol-lower ........................................ SUCCESS [  0.115 s]
[INFO] cobol-lower-core ................................... SUCCESS [  0.548 s]
[INFO] ------------------------------------------------------------------------
[INFO] BUILD SUCCESS
[INFO] ------------------------------------------------------------------------
[INFO] Total time:  0.742 s
[INFO] Finished at: 2026-09-11T16:16:17-03:00
[INFO] ------------------------------------------------------------------------
[INFO] Scanning for projects...
[INFO] 
[INFO] -------------< io.github.gustavo2358:cobol-lower-adapters >-------------
[INFO] Building cobol-lower-adapters 0.1.0-SNAPSHOT
[INFO]   from pom.xml
[INFO] --------------------------------[ jar ]---------------------------------
[INFO] 
[INFO] --- resources:3.4.0:resources (default-resources) @ cobol-lower-adapters ---
[INFO] skip non existing resourceDirectory /tmp/lower-production-challenge-9rn_h2vu/adapters/src/main/resources
[INFO] 
[INFO] --- compiler:3.13.0:compile (default-compile) @ cobol-lower-adapters ---
[INFO] Nothing to compile - all classes are up to date.
[INFO] 
[INFO] --- resources:3.4.0:testResources (default-testResources) @ cobol-lower-adapters ---
[INFO] Copying 56 resources from src/test/resources to target/test-classes
[INFO] 
[INFO] --- compiler:3.13.0:testCompile (default-testCompile) @ cobol-lower-adapters ---
[INFO] Nothing to compile - all classes are up to date.
[INFO] 
[INFO] --- exec:3.5.0:java (default-cli) @ cobol-lower-adapters ---
PRODUCTION_MEASUREMENT sp_bytes=18809400 nodes=1050154 physical_values=1030152 entities=190021
PRODUCTION_CAPACITY_PROBE data=1 moves=10000 exit=0 air_bytes=112117041 prior_debt=RESOLVED_BY_UPSTREAM_BASELINE
LOWER_PRODUCTION_TESTS=13
[INFO] ------------------------------------------------------------------------
[INFO] BUILD SUCCESS
[INFO] ------------------------------------------------------------------------
[INFO] Total time:  15.769 s
[INFO] Finished at: 2026-09-11T16:16:33-03:00
[INFO] ------------------------------------------------------------------------
