Command: python3 scripts/harness/run.py architecture
Environment: Linux amd64; Temurin 21.0.12.1+1; Maven 3.9.16; Python 3.14; isolated LOWER_BUILD_ROOT.
Exit: 0
Output (trailing whitespace stripped):
[INFO] Scanning for projects...
[INFO]
[INFO] ---------------< io.github.gustavo2358:cobol-lower-core >---------------
[INFO] Building cobol-lower-core 0.1.0-SNAPSHOT
[INFO]   from pom.xml
[INFO] --------------------------------[ jar ]---------------------------------
[INFO]
[INFO] --- dependency:3.8.1:tree (default-cli) @ cobol-lower-core ---
[INFO] Wrote dependency tree to: /home/gustavo/workspace/cobol-lower/core/target/dependency-tree.json
[INFO] ------------------------------------------------------------------------
[INFO] BUILD SUCCESS
[INFO] ------------------------------------------------------------------------
[INFO] Total time:  0.765 s
[INFO] Finished at: 2026-09-06T19:16:44-03:00
[INFO] ------------------------------------------------------------------------
PASS architecture
