Command: python3 scripts/harness/run.py semantic
Exit: 1
Output (trailing whitespace stripped):
[INFO] Scanning for projects...
[INFO] ------------------------------------------------------------------------
[INFO] Reactor Build Order:
[INFO]
[INFO] cobol-lower                                                        [pom]
[INFO] cobol-lower-core                                                   [jar]
[INFO] cobol-lower-adapters                                               [jar]
[INFO]
[INFO] -----------------< io.github.gustavo2358:cobol-lower >------------------
[INFO] Building cobol-lower 0.1.0-SNAPSHOT                                [1/3]
[INFO]   from pom.xml
[INFO] --------------------------------[ pom ]---------------------------------
[INFO]
[INFO] ---------------< io.github.gustavo2358:cobol-lower-core >---------------
[INFO] Building cobol-lower-core 0.1.0-SNAPSHOT                           [2/3]
[INFO]   from core/pom.xml
[INFO] --------------------------------[ jar ]---------------------------------
[INFO]
[INFO] --- resources:3.4.0:resources (default-resources) @ cobol-lower-core ---
[INFO] skip non existing resourceDirectory /home/gustavo/workspace/cobol-lower/core/src/main/resources
[INFO]
[INFO] --- compiler:3.13.0:compile (default-compile) @ cobol-lower-core ---
[INFO] Recompiling the module because of changed source code.
[INFO] Compiling 5 source files with javac [debug release 21] to target/classes
[INFO]
[INFO] --- resources:3.4.0:testResources (default-testResources) @ cobol-lower-core ---
[INFO] skip non existing resourceDirectory /home/gustavo/workspace/cobol-lower/core/src/test/resources
[INFO]
[INFO] --- compiler:3.13.0:testCompile (default-testCompile) @ cobol-lower-core ---
[INFO] Recompiling the module because of changed dependency.
[INFO] Compiling 4 source files with javac [debug release 21] to target/test-classes
[INFO]
[INFO] --- surefire:3.5.4:test (default-test) @ cobol-lower-core ---
[INFO]
[INFO] --- exec:3.5.0:java (boundary-contract-suite) @ cobol-lower-core ---
ok 1 - manual AIR accepted by real validator
ok 2 - AIR 2.0.0
ok 3 - one unit
ok 4 - available body
ok 5 - one entry and sequence
ok 6 - entry label closes
ok 7 - closed zero parameters
ok 8 - closed zero results
ok 9 - no common instructions
ok 10 - expected Return, never Halt
ok 11 - empty Return
ok 12 - real validator rejects dangling label
ok 13 - boundary must preserve INVALID_IR for dangling label
ok 14 - boundary preserves complete result and issues
ok 15 - profile fixture contains a real semantic obligation
ok 16 - semantic obligations remain visible
ok 17 - Halt can be valid AIR but is not the frozen Return shape
ok 18 - publication immutable
ok 19 - independent construction deterministic
ok 20 - nonzero executed assertions
[WARNING]
java.lang.AssertionError: expected INVALID_INPUT for ENTRY_START, got Admission[status=ADMITTED, input=Optional[SpInput[unit=UnitKey[compilationUnitId=SEMANTIC-PRODUCT-ENTRY-GOBACK.CBL, structuralPath=[0], canonicalProgramName=AIR-FIRST], policy=Policy[policyId=cobol-explorer/explicit-options, version=3.0.0, qualifyMode=UNSPECIFIED, pgmnameMode=UNSPECIFIED, dynamMode=UNSPECIFIED, dllMode=UNSPECIFIED], dataDeclarations=[], statements=[GobackFact[header=StatementHeader[id=StatementId[unit=UnitKey[compilationUnitId=SEMANTIC-PRODUCT-ENTRY-GOBACK.CBL, structuralPath=[0], canonicalProgramName=AIR-FIRST], handle=statement:0], programPoint=0, containment=Containment[parent=Optional.empty, branch=ROOT], provenance=Provenance[expanded=Location[file=<preprocessed>, startLine=4, startColumn=4, endLine=4, endColumn=9], original=Location[file=semantic-product-entry-goback.cbl, startLine=4, startColumn=11, endLine=4, endColumn=16], includeChain=[], exact=true], coverage=MODELED, readiness=Readiness[lowering=ReadinessClaim[status=SUFFICIENT, scope=GOBACK concludes the current program invocation], cfg=ReadinessClaim[status=SUFFICIENT, scope=GOBACK has no local successor], effectsDataflow=ReadinessClaim[status=BLOCKED, scope=GOBACK runtime result and lifecycle effects are not published]]], exit=CURRENT_PROGRAM_INVOCATION, localContinuation=NONE]], structure=Structure[roots=[StatementId[unit=UnitKey[compilationUnitId=SEMANTIC-PRODUCT-ENTRY-GOBACK.CBL, structuralPath=[0], canonicalProgramName=AIR-FIRST], handle=statement:0]], branches=[]], gaps=[], coverage=Coverage[inventoryStatus=COMPLETE, observedStatements=1, modeledStatements=1, partialStatements=0, unsupportedStatements=0, inputMissingStatements=0, readiness=Readiness[lowering=ReadinessClaim[status=SUFFICIENT, scope=report binding claim combined with every observed statement fact], cfg=ReadinessClaim[status=SUFFICIENT, scope=complete observed inventory bounded by each statement's structural readiness], effectsDataflow=ReadinessClaim[status=BLOCKED, scope=report dependency claim bounded by each statement's effects readiness]]], entryInventory=EntryInventory[status=PARTIAL, scope=PRIMARY_ONLY, entries=[EntryFact[id=EntryId[unit=UnitKey[compilationUnitId=SEMANTIC-PRODUCT-ENTRY-GOBACK.CBL, structuralPath=[0], canonicalProgramName=AIR-FIRST], handle=entry:0], role=PRIMARY, availability=KNOWN, start=ExecutableStart[availability=KNOWN, statement=Optional[StatementId[unit=UnitKey[compilationUnitId=SEMANTIC-PRODUCT-ENTRY-GOBACK.CBL, structuralPath=[0], canonicalProgramName=AIR-FIRST], handle=statement:999]]], signature=EntrySignature[availability=KNOWN, parameterCount=Optional[0], returningClause=ABSENT], provenance=Provenance[expanded=Location[file=<preprocessed>, startLine=3, startColumn=0, endLine=4, endColumn=11], original=Location[file=semantic-product-entry-goback.cbl, startLine=3, startColumn=7, endLine=4, endColumn=18], includeChain=[], exact=true], coverage=MODELED, readiness=Readiness[lowering=ReadinessClaim[status=SUFFICIENT, scope=primary entry, canonical executable start and published signature availability], cfg=ReadinessClaim[status=SUFFICIENT, scope=primary entry start only; no sequence or reachability claim], effectsDataflow=ReadinessClaim[status=BLOCKED, scope=entry state, storage and effects are not published]], gaps=[]]], gapCodes=[ALTERNATE_ENTRIES_NOT_PROJECTED]]]], diagnostics=[], statistics=Statistics[entitiesVisited=16, referencesChecked=1, provenanceComponents=6], diagnosticsTruncated=false]
    at io.github.gustavo2358.lower.testing.InputSuite.check (InputSuite.java:19)
    at io.github.gustavo2358.lower.testing.InputSuite.expect (InputSuite.java:22)
    at io.github.gustavo2358.lower.testing.InputSuite.run (InputSuite.java:37)
    at io.github.gustavo2358.lower.testing.BoundarySuite.main (BoundarySuite.java:66)
    at org.codehaus.mojo.exec.ExecJavaMojo.doMain (ExecJavaMojo.java:375)
    at org.codehaus.mojo.exec.ExecJavaMojo.doExec (ExecJavaMojo.java:364)
    at org.codehaus.mojo.exec.ExecJavaMojo.lambda$execute$0 (ExecJavaMojo.java:286)
    at java.lang.Thread.run (Thread.java:1583)
[INFO] ------------------------------------------------------------------------
[INFO] Reactor Summary for cobol-lower 0.1.0-SNAPSHOT:
[INFO]
[INFO] cobol-lower ........................................ SUCCESS [  0.001 s]
[INFO] cobol-lower-core ................................... FAILURE [  1.402 s]
[INFO] cobol-lower-adapters ............................... SKIPPED
[INFO] ------------------------------------------------------------------------
[INFO] BUILD FAILURE
[INFO] ------------------------------------------------------------------------
[INFO] Total time:  1.473 s
[INFO] Finished at: 2026-09-06T19:37:57-03:00
[INFO] ------------------------------------------------------------------------
[ERROR] Failed to execute goal org.codehaus.mojo:exec-maven-plugin:3.5.0:java (boundary-contract-suite) on project cobol-lower-core: An exception occurred while executing the Java class. expected INVALID_INPUT for ENTRY_START, got Admission[status=ADMITTED, input=Optional[SpInput[unit=UnitKey[compilationUnitId=SEMANTIC-PRODUCT-ENTRY-GOBACK.CBL, structuralPath=[0], canonicalProgramName=AIR-FIRST], policy=Policy[policyId=cobol-explorer/explicit-options, version=3.0.0, qualifyMode=UNSPECIFIED, pgmnameMode=UNSPECIFIED, dynamMode=UNSPECIFIED, dllMode=UNSPECIFIED], dataDeclarations=[], statements=[GobackFact[header=StatementHeader[id=StatementId[unit=UnitKey[compilationUnitId=SEMANTIC-PRODUCT-ENTRY-GOBACK.CBL, structuralPath=[0], canonicalProgramName=AIR-FIRST], handle=statement:0], programPoint=0, containment=Containment[parent=Optional.empty, branch=ROOT], provenance=Provenance[expanded=Location[file=<preprocessed>, startLine=4, startColumn=4, endLine=4, endColumn=9], original=Location[file=semantic-product-entry-goback.cbl, startLine=4, startColumn=11, endLine=4, endColumn=16], includeChain=[], exact=true], coverage=MODELED, readiness=Readiness[lowering=ReadinessClaim[status=SUFFICIENT, scope=GOBACK concludes the current program invocation], cfg=ReadinessClaim[status=SUFFICIENT, scope=GOBACK has no local successor], effectsDataflow=ReadinessClaim[status=BLOCKED, scope=GOBACK runtime result and lifecycle effects are not published]]], exit=CURRENT_PROGRAM_INVOCATION, localContinuation=NONE]], structure=Structure[roots=[StatementId[unit=UnitKey[compilationUnitId=SEMANTIC-PRODUCT-ENTRY-GOBACK.CBL, structuralPath=[0], canonicalProgramName=AIR-FIRST], handle=statement:0]], branches=[]], gaps=[], coverage=Coverage[inventoryStatus=COMPLETE, observedStatements=1, modeledStatements=1, partialStatements=0, unsupportedStatements=0, inputMissingStatements=0, readiness=Readiness[lowering=ReadinessClaim[status=SUFFICIENT, scope=report binding claim combined with every observed statement fact], cfg=ReadinessClaim[status=SUFFICIENT, scope=complete observed inventory bounded by each statement's structural readiness], effectsDataflow=ReadinessClaim[status=BLOCKED, scope=report dependency claim bounded by each statement's effects readiness]]], entryInventory=EntryInventory[status=PARTIAL, scope=PRIMARY_ONLY, entries=[EntryFact[id=EntryId[unit=UnitKey[compilationUnitId=SEMANTIC-PRODUCT-ENTRY-GOBACK.CBL, structuralPath=[0], canonicalProgramName=AIR-FIRST], handle=entry:0], role=PRIMARY, availability=KNOWN, start=ExecutableStart[availability=KNOWN, statement=Optional[StatementId[unit=UnitKey[compilationUnitId=SEMANTIC-PRODUCT-ENTRY-GOBACK.CBL, structuralPath=[0], canonicalProgramName=AIR-FIRST], handle=statement:999]]], signature=EntrySignature[availability=KNOWN, parameterCount=Optional[0], returningClause=ABSENT], provenance=Provenance[expanded=Location[file=<preprocessed>, startLine=3, startColumn=0, endLine=4, endColumn=11], original=Location[file=semantic-product-entry-goback.cbl, startLine=3, startColumn=7, endLine=4, endColumn=18], includeChain=[], exact=true], coverage=MODELED, readiness=Readiness[lowering=ReadinessClaim[status=SUFFICIENT, scope=primary entry, canonical executable start and published signature availability], cfg=ReadinessClaim[status=SUFFICIENT, scope=primary entry start only; no sequence or reachability claim], effectsDataflow=ReadinessClaim[status=BLOCKED, scope=entry state, storage and effects are not published]], gaps=[]]], gapCodes=[ALTERNATE_ENTRIES_NOT_PROJECTED]]]], diagnostics=[], statistics=Statistics[entitiesVisited=16, referencesChecked=1, provenanceComponents=6], diagnosticsTruncated=false] -> [Help 1]
[ERROR]
[ERROR] To see the full stack trace of the errors, re-run Maven with the -e switch.
[ERROR] Re-run Maven using the -X switch to enable full debug logging.
[ERROR]
[ERROR] For more information about the errors and possible solutions, please read the following articles:
[ERROR] [Help 1] http://cwiki.apache.org/confluence/display/MAVEN/MojoExecutionException
[ERROR]
[ERROR] After correcting the problems, you can resume the build with the command
[ERROR]   mvn <args> -rf :cobol-lower-core
FAIL command exit 1: ['mvn', '-B', '-ntp', '-Dmaven.repo.local=/tmp/work-lower-001.nucAJ2/m2', 'verify']
