Command: python3 scripts/harness/run.py semantic
Exit: 0
Output (trailing whitespace stripped):
[INFO] Scanning for projects...
[INFO] ------------------------------------------------------------------------
[INFO] Reactor Build Order:
[INFO]
[INFO] cobol-lower                                                        [pom]
[INFO] cobol-lower-core                                                   [jar]
[INFO] cobol-lower-adapters                                               [jar]
[INFO]
[INFO] -----------------< io.github.gustavo2358:cobol-lower >------------------
[INFO] Building cobol-lower 0.1.0-SNAPSHOT                                [1/3]
[INFO]   from pom.xml
[INFO] --------------------------------[ pom ]---------------------------------
[INFO]
[INFO] ---------------< io.github.gustavo2358:cobol-lower-core >---------------
[INFO] Building cobol-lower-core 0.1.0-SNAPSHOT                           [2/3]
[INFO]   from core/pom.xml
[INFO] --------------------------------[ jar ]---------------------------------
[INFO]
[INFO] --- resources:3.4.0:resources (default-resources) @ cobol-lower-core ---
[INFO] skip non existing resourceDirectory /home/gustavo/workspace/cobol-lower/core/src/main/resources
[INFO]
[INFO] --- compiler:3.13.0:compile (default-compile) @ cobol-lower-core ---
[INFO] Nothing to compile - all classes are up to date.
[INFO]
[INFO] --- resources:3.4.0:testResources (default-testResources) @ cobol-lower-core ---
[INFO] skip non existing resourceDirectory /home/gustavo/workspace/cobol-lower/core/src/test/resources
[INFO]
[INFO] --- compiler:3.13.0:testCompile (default-testCompile) @ cobol-lower-core ---
[INFO] Nothing to compile - all classes are up to date.
[INFO]
[INFO] --- surefire:3.5.4:test (default-test) @ cobol-lower-core ---
[INFO]
[INFO] --- exec:3.5.0:java (boundary-contract-suite) @ cobol-lower-core ---
ok 1 - manual AIR accepted by real validator
ok 2 - AIR 2.0.0
ok 3 - one unit
ok 4 - available body
ok 5 - one entry and sequence
ok 6 - entry label closes
ok 7 - closed zero parameters
ok 8 - closed zero results
ok 9 - no common instructions
ok 10 - expected Return, never Halt
ok 11 - empty Return
ok 12 - real validator rejects dangling label
ok 13 - boundary must preserve INVALID_IR for dangling label
ok 14 - boundary preserves complete result and issues
ok 15 - profile fixture contains a real semantic obligation
ok 16 - semantic obligations remain visible
ok 17 - Halt can be valid AIR but is not the frozen Return shape
ok 18 - publication immutable
ok 19 - independent construction deterministic
ok 20 - nonzero executed assertions
LOWER_TESTS=238
[INFO]
[INFO] --- jar:3.4.2:jar (default-jar) @ cobol-lower-core ---
[INFO]
[INFO] --- jar:3.4.2:test-jar (independent-test-fixtures) @ cobol-lower-core ---
[INFO]
[INFO] -------------< io.github.gustavo2358:cobol-lower-adapters >-------------
[INFO] Building cobol-lower-adapters 0.1.0-SNAPSHOT                       [3/3]
[INFO]   from adapters/pom.xml
[INFO] --------------------------------[ jar ]---------------------------------
[INFO]
[INFO] --- resources:3.4.0:resources (default-resources) @ cobol-lower-adapters ---
[INFO] skip non existing resourceDirectory /home/gustavo/workspace/cobol-lower/adapters/src/main/resources
[INFO]
[INFO] --- compiler:3.13.0:compile (default-compile) @ cobol-lower-adapters ---
[INFO] Nothing to compile - all classes are up to date.
[INFO]
[INFO] --- resources:3.4.0:testResources (default-testResources) @ cobol-lower-adapters ---
[INFO] Copying 2 resources from src/test/resources to target/test-classes
[INFO]
[INFO] --- compiler:3.13.0:testCompile (default-testCompile) @ cobol-lower-adapters ---
[INFO] Nothing to compile - all classes are up to date.
[INFO]
[INFO] --- surefire:3.5.4:test (default-test) @ cobol-lower-adapters ---
[INFO]
[INFO] --- exec:3.5.0:java (decoder-contract-suite) @ cobol-lower-adapters ---
LOWER_TESTS=201
[INFO]
[INFO] --- jar:3.4.2:jar (default-jar) @ cobol-lower-adapters ---
[INFO] ------------------------------------------------------------------------
[INFO] Reactor Summary for cobol-lower 0.1.0-SNAPSHOT:
[INFO]
[INFO] cobol-lower ........................................ SUCCESS [  0.001 s]
[INFO] cobol-lower-core ................................... SUCCESS [  0.755 s]
[INFO] cobol-lower-adapters ............................... SUCCESS [  0.334 s]
[INFO] ------------------------------------------------------------------------
[INFO] BUILD SUCCESS
[INFO] ------------------------------------------------------------------------
[INFO] Total time:  1.164 s
[INFO] Finished at: 2026-09-06T19:38:30-03:00
[INFO] ------------------------------------------------------------------------
SEMANTIC_TEST_COUNT=439
PASS semantic
